﻿[36mvite v6.4.1 [32mbuilding for production...[36m[39m
transforming...
[32mΓ£ô[39m 30 modules transformed.
npx : [31mΓ£ù[39m 
Build failed in 388ms
At line:1 char:1
+ npx vite build 
2>&1 > 
build_output.txt; 
Get-Content 
build_output.txt
+ ~~~~~~~~~~~~~~~~~~~
~~~~~~~~~~~~~~~~~~~
    + CategoryInfo   
           : NotSpe  
  cified: ([31mΓ£   
 ù[39m Build fai    
led in 388ms:Str    
ing) [], RemoteE    
xception
    + FullyQualified 
   ErrorId : Native  
  CommandError
 
[31merror during 
build:
[31mCould not 
resolve "../lib/Hybri
dMLEngine" from "src/
components/CurrentCon
ditions.jsx"[31m
file: [36mE:/Project
s/meteorological-aler
t-system/frontend/src
/components/CurrentCo
nditions.jsx[31m
    at 
getRollupError (file:
///E:/Projects/meteor
ological-alert-system
/frontend/node_module
s/rollup/dist/es/shar
ed/parseAst.js:402:41
)
    at error (file://
/E:/Projects/meteorol
ogical-alert-system/f
rontend/node_modules/
rollup/dist/es/shared
/parseAst.js:398:42)
    at ModuleLoader.h
andleInvalidResolvedI
d (file:///E:/Project
s/meteorological-aler
t-system/frontend/nod
e_modules/rollup/dist
/es/shared/node-entry
.js:21710:24)
    at file:///E:/Pro
jects/meteorological-
alert-system/frontend
/node_modules/rollup/
dist/es/shared/node-e
ntry.js:21670:26[39m
