Build profile: -w ghc-9.6.7 -O1
In order, the following will be built (use -v for more details):
 - backend-0.1.0.0 (exe:backend) (file src\Classifier.hs changed)
Preprocessing executable 'backend' for backend-0.1.0.0...
Building executable 'backend' for backend-0.1.0.0...
[2 of 3] Compiling Classifier       ( src\Classifier.hs, E:\Projects\meteorological-alert-system\dist-newstyle\build\x86_64-windows\ghc-9.6.7\backend-0.1.0.0\x\backend\build\backend\backend-tmp\Classifier.o ) [Source file changed]
cabal : 
At line:1 char:1
+ cabal build > 
build_output.log 2>&1
+ ~~~~~~~~~~~~~~~~~~~
~~~~~~~~~~~~~~~~
    + CategoryInfo   
           : NotSpe  
  cified: (:String   
 ) [], RemoteExce    
ption
    + FullyQualified 
   ErrorId : Native  
  CommandError
 
src\Classifier.hs:7:3
3: error: [GHC-76037]
    Not in scope: 
type constructor or 
class 
`RainfallCategory'
  |
7 | 
categorizeRainfall 
:: Double -> 
RainfallCategory
  |                  
               
^^^^^^^^^^^^^^^^

src\Classifier.hs:16:
29: error: 
[GHC-76037]
    Not in scope: 
type constructor or 
class `WindCategory'
   |
16 | categorizeWind 
:: Double -> 
WindCategory
   |                 
            
^^^^^^^^^^^^

src\Classifier.hs:25:
29: error: 
[GHC-76037]
    Not in scope: 
type constructor or 
class 
`TemperatureCategory'
   |
25 | categorizeTemp 
:: Double -> 
TemperatureCategory
   |                 
            
^^^^^^^^^^^^^^^^^^^

src\Classifier.hs:34:
27: error: 
[GHC-76037]
    Not in scope: 
type constructor or 
class 
`WeatherCondition'
   |
34 | toCondition :: 
Weather -> 
WeatherCondition
   |                 
          
^^^^^^^^^^^^^^^^

src\Classifier.hs:42:
22: error: 
[GHC-76037]
    Not in scope: 
type constructor or 
class 
`WeatherCondition'
   |
42 | 
classifyCondition :: 
WeatherCondition -> 
IMDColor
   |                 
     ^^^^^^^^^^^^^^^^

src\Classifier.hs:42:
42: error: 
[GHC-76037]
    Not in scope: 
type constructor or 
class `IMDColor'
   |
42 | 
classifyCondition :: 
WeatherCondition -> 
IMDColor
   |                 
                     
    ^^^^^^^^

src\Classifier.hs:44:
20: error: 
[GHC-76037]
    Not in scope: 
data constructor 
`WeatherCondition'
   |
44 | 
classifyCondition 
(WeatherCondition 
ExtremelyHeavy _ _) 
= Red
   |                 
   ^^^^^^^^^^^^^^^^

src\Classifier.hs:44:
37: error: 
[GHC-76037]
    Not in scope: 
data constructor 
`ExtremelyHeavy'
   |
44 | 
classifyCondition 
(WeatherCondition 
ExtremelyHeavy _ _) 
= Red
   |                 
                    
^^^^^^^^^^^^^^

src\Classifier.hs:45:
20: error: 
[GHC-76037]
    Not in scope: 
data constructor 
`WeatherCondition'
   |
45 | 
classifyCondition 
(WeatherCondition _ 
Hurricane _) = Red
   |                 
   ^^^^^^^^^^^^^^^^

src\Classifier.hs:45:
39: error: 
[GHC-76037]
    Not in scope: 
data constructor 
`Hurricane'
   |
45 | 
classifyCondition 
(WeatherCondition _ 
Hurricane _) = Red
   |                 
                     
 ^^^^^^^^^

src\Classifier.hs:46:
20: error: 
[GHC-76037]
    Not in scope: 
data constructor 
`WeatherCondition'
   |
46 | 
classifyCondition 
(WeatherCondition _ 
_ SevereHeatWave) = 
Red
   |                 
   ^^^^^^^^^^^^^^^^

src\Classifier.hs:46:
41: error: 
[GHC-76037]
    Not in scope: 
data constructor 
`SevereHeatWave'
   |
46 | 
classifyCondition 
(WeatherCondition _ 
_ SevereHeatWave) = 
Red
   |                 
                     
   ^^^^^^^^^^^^^^

src\Classifier.hs:47:
20: error: 
[GHC-76037]
    Not in scope: 
data constructor 
`WeatherCondition'
   |
47 | 
classifyCondition 
(WeatherCondition _ 
_ SevereColdWave) = 
Red
   |                 
   ^^^^^^^^^^^^^^^^

src\Classifier.hs:47:
41: error: 
[GHC-76037]
    Not in scope: 
data constructor 
`SevereColdWave'
   |
47 | 
classifyCondition 
(WeatherCondition _ 
_ SevereColdWave) = 
Red
   |                 
                     
   ^^^^^^^^^^^^^^

src\Classifier.hs:48:
20: error: 
[GHC-76037]
    Not in scope: 
data constructor 
`WeatherCondition'
   |
48 | 
classifyCondition 
(WeatherCondition 
VeryHeavyRain Storm 
_) = Red
   |                 
   ^^^^^^^^^^^^^^^^

src\Classifier.hs:48:
37: error: 
[GHC-76037]
    Not in scope: 
data constructor 
`VeryHeavyRain'
   |
48 | 
classifyCondition 
(WeatherCondition 
VeryHeavyRain Storm 
_) = Red
   |                 
                    
^^^^^^^^^^^^^

src\Classifier.hs:48:
51: error: 
[GHC-76037]
    Not in scope: 
data constructor 
`Storm'
   |
48 | 
classifyCondition 
(WeatherCondition 
VeryHeavyRain Storm 
_) = Red
   |                 
                     
             ^^^^^

src\Classifier.hs:51:
20: error: 
[GHC-76037]
    Not in scope: 
data constructor 
`WeatherCondition'
   |
51 | 
classifyCondition 
(WeatherCondition 
VeryHeavyRain _ _) = 
Orange
   |                 
   ^^^^^^^^^^^^^^^^

src\Classifier.hs:51:
37: error: 
[GHC-76037]
    Not in scope: 
data constructor 
`VeryHeavyRain'
   |
51 | 
classifyCondition 
(WeatherCondition 
VeryHeavyRain _ _) = 
Orange
   |                 
                    
^^^^^^^^^^^^^

src\Classifier.hs:52:
20: error: 
[GHC-76037]
    Not in scope: 
data constructor 
`WeatherCondition'
   |
52 | 
classifyCondition 
(WeatherCondition _ 
Storm _) = Orange
   |                 
   ^^^^^^^^^^^^^^^^

src\Classifier.hs:52:
39: error: 
[GHC-76037]
    Not in scope: 
data constructor 
`Storm'
   |
52 | 
classifyCondition 
(WeatherCondition _ 
Storm _) = Orange
   |                 
                     
 ^^^^^

src\Classifier.hs:53:
20: error: 
[GHC-76037]
    Not in scope: 
data constructor 
`WeatherCondition'
   |
53 | 
classifyCondition 
(WeatherCondition _ 
Gale _) = Orange
   |                 
   ^^^^^^^^^^^^^^^^

src\Classifier.hs:53:
39: error: 
[GHC-76037]
    Not in scope: 
data constructor 
`Gale'
   |
53 | 
classifyCondition 
(WeatherCondition _ 
Gale _) = Orange
   |                 
                     
 ^^^^

src\Classifier.hs:54:
20: error: 
[GHC-76037]
    Not in scope: 
data constructor 
`WeatherCondition'
   |
54 | 
classifyCondition 
(WeatherCondition _ 
_ HeatWave) = Orange
   |                 
   ^^^^^^^^^^^^^^^^

src\Classifier.hs:54:
41: error: 
[GHC-76037]
    Not in scope: 
data constructor 
`HeatWave'
   |
54 | 
classifyCondition 
(WeatherCondition _ 
_ HeatWave) = Orange
   |                 
                     
   ^^^^^^^^

src\Classifier.hs:55:
20: error: 
[GHC-76037]
    Not in scope: 
data constructor 
`WeatherCondition'
   |
55 | 
classifyCondition 
(WeatherCondition _ 
_ ColdWave) = Orange
   |                 
   ^^^^^^^^^^^^^^^^

src\Classifier.hs:55:
41: error: 
[GHC-76037]
    Not in scope: 
data constructor 
`ColdWave'
   |
55 | 
classifyCondition 
(WeatherCondition _ 
_ ColdWave) = Orange
   |                 
                     
   ^^^^^^^^

src\Classifier.hs:56:
20: error: 
[GHC-76037]
    Not in scope: 
data constructor 
`WeatherCondition'
   |
56 | 
classifyCondition 
(WeatherCondition 
HeavyRain 
SquallyWind _) = 
Orange
   |                 
   ^^^^^^^^^^^^^^^^

src\Classifier.hs:56:
37: error: 
[GHC-76037]
    Not in scope: 
data constructor 
`HeavyRain'
   |
56 | 
classifyCondition 
(WeatherCondition 
HeavyRain 
SquallyWind _) = 
Orange
   |                 
                    
^^^^^^^^^

src\Classifier.hs:56:
47: error: 
[GHC-76037]
    Not in scope: 
data constructor 
`SquallyWind'
   |
56 | 
classifyCondition 
(WeatherCondition 
HeavyRain 
SquallyWind _) = 
Orange
   |                 
                     
         ^^^^^^^^^^^

src\Classifier.hs:59:
20: error: 
[GHC-76037]
    Not in scope: 
data constructor 
`WeatherCondition'
   |
59 | 
classifyCondition 
(WeatherCondition 
HeavyRain _ _) = 
Yellow
   |                 
   ^^^^^^^^^^^^^^^^

src\Classifier.hs:59:
37: error: 
[GHC-76037]
    Not in scope: 
data constructor 
`HeavyRain'
   |
59 | 
classifyCondition 
(WeatherCondition 
HeavyRain _ _) = 
Yellow
   |                 
                    
^^^^^^^^^

src\Classifier.hs:60:
20: error: 
[GHC-76037]
    Not in scope: 
data constructor 
`WeatherCondition'
   |
60 | 
classifyCondition 
(WeatherCondition 
ModerateRain _ _) = 
Yellow
   |                 
   ^^^^^^^^^^^^^^^^

src\Classifier.hs:60:
37: error: 
[GHC-76037]
    Not in scope: 
data constructor 
`ModerateRain'
   |
60 | 
classifyCondition 
(WeatherCondition 
ModerateRain _ _) = 
Yellow
   |                 
                    
^^^^^^^^^^^^

src\Classifier.hs:61:
20: error: 
[GHC-76037]
    Not in scope: 
data constructor 
`WeatherCondition'
   |
61 | 
classifyCondition 
(WeatherCondition _ 
SquallyWind _) = 
Yellow
   |                 
   ^^^^^^^^^^^^^^^^

src\Classifier.hs:61:
39: error: 
[GHC-76037]
    Not in scope: 
data constructor 
`SquallyWind'
   |
61 | 
classifyCondition 
(WeatherCondition _ 
SquallyWind _) = 
Yellow
   |                 
                     
 ^^^^^^^^^^^

src\Classifier.hs:62:
20: error: 
[GHC-76037]
    Not in scope: 
data constructor 
`WeatherCondition'
   |
62 | 
classifyCondition 
(WeatherCondition _ 
StrongWind _) = 
Yellow
   |                 
   ^^^^^^^^^^^^^^^^

src\Classifier.hs:62:
39: error: 
[GHC-76037]
    Not in scope: 
data constructor 
`StrongWind'
   |
62 | 
classifyCondition 
(WeatherCondition _ 
StrongWind _) = 
Yellow
   |                 
                     
 ^^^^^^^^^^

src\Classifier.hs:75:
7: error: [GHC-76037]
    Not in scope: 
data constructor 
`Green'
   |
75 |       Green  -> 
"Low"
   |       ^^^^^

src\Classifier.hs:76:
7: error: [GHC-76037]
    Not in scope: 
data constructor 
`Yellow'
   |
76 |       Yellow -> 
"Moderate"
   |       ^^^^^^

src\Classifier.hs:77:
7: error: [GHC-76037]
    Not in scope: 
data constructor 
`Orange'
   |
77 |       Orange -> 
"High"
   |       ^^^^^^

src\Classifier.hs:78:
7: error: [GHC-76037]
    Not in scope: 
data constructor 
`Red'
   |
78 |       Red    -> 
"Extreme"
   |       ^^^
Error: [Cabal-7125]
Failed to build 
exe:backend from 
backend-0.1.0.0.

